Java HotSpot(TM) 64-Bit Server VM (25.91-b14) for linux-amd64 JRE (1.8.0_91-b14), built on Apr  1 2016 00:57:21 by "java_re" with gcc 4.3.0 20080428 (Red Hat 4.3.0-8)
Memory: 4k page, physical 8110044k(1279580k free), swap 14252028k(14161868k free)
CommandLine flags: -XX:CMSInitiatingOccupancyFraction=50 -XX:CMSMaxAbortablePrecleanTime=6000 -XX:+CMSParallelRemarkEnabled -XX:+CMSScavengeBeforeRemark -XX:ConcGCThreads=4 -XX:InitialHeapSize=536870912 -XX:MaxHeapSize=536870912 -XX:MaxTenuringThreshold=8 -XX:NewRatio=3 -XX:OldPLABSize=16 -XX:OnOutOfMemoryError=/home/jorgeluis/Workspace/pathwayQuery/backend-solr/bin/oom_solr.sh 8983 /home/jorgeluis/Workspace/pathwayQuery/backend-solr/server/logs -XX:ParallelGCThreads=4 -XX:+ParallelRefProcEnabled -XX:PretenureSizeThreshold=67108864 -XX:+PrintGC -XX:+PrintGCApplicationStoppedTime -XX:+PrintGCDateStamps -XX:+PrintGCDetails -XX:+PrintGCTimeStamps -XX:+PrintHeapAtGC -XX:+PrintTenuringDistribution -XX:SurvivorRatio=4 -XX:TargetSurvivorRatio=90 -XX:ThreadStackSize=256 -XX:+UseCMSInitiatingOccupancyOnly -XX:+UseCompressedClassPointers -XX:+UseCompressedOops -XX:+UseConcMarkSweepGC -XX:+UseParNewGC 
2016-05-16T20:45:29.208-0700: 0.099: Total time for which application threads were stopped: 0.0000888 seconds, Stopping threads took: 0.0000207 seconds
2016-05-16T20:45:29.258-0700: 0.149: Total time for which application threads were stopped: 0.0001137 seconds, Stopping threads took: 0.0000284 seconds
2016-05-16T20:45:29.354-0700: 0.245: Total time for which application threads were stopped: 0.0001218 seconds, Stopping threads took: 0.0000162 seconds
2016-05-16T20:45:29.485-0700: 0.375: Total time for which application threads were stopped: 0.0002094 seconds, Stopping threads took: 0.0000211 seconds
2016-05-16T20:45:29.521-0700: 0.412: Total time for which application threads were stopped: 0.0001520 seconds, Stopping threads took: 0.0000160 seconds
2016-05-16T20:45:29.534-0700: 0.425: Total time for which application threads were stopped: 0.0001525 seconds, Stopping threads took: 0.0000194 seconds
2016-05-16T20:45:29.654-0700: 0.545: Total time for which application threads were stopped: 0.0001636 seconds, Stopping threads took: 0.0000130 seconds
2016-05-16T20:45:29.790-0700: 0.681: Total time for which application threads were stopped: 0.0002387 seconds, Stopping threads took: 0.0000199 seconds
2016-05-16T20:45:29.791-0700: 0.682: Total time for which application threads were stopped: 0.0001898 seconds, Stopping threads took: 0.0000203 seconds
2016-05-16T20:45:29.794-0700: 0.685: Total time for which application threads were stopped: 0.0012527 seconds, Stopping threads took: 0.0001315 seconds
2016-05-16T20:45:29.801-0700: 0.692: Total time for which application threads were stopped: 0.0002066 seconds, Stopping threads took: 0.0000332 seconds
2016-05-16T20:45:29.925-0700: 0.816: Total time for which application threads were stopped: 0.0002465 seconds, Stopping threads took: 0.0000238 seconds
2016-05-16T20:45:29.991-0700: 0.882: Total time for which application threads were stopped: 0.0003521 seconds, Stopping threads took: 0.0001419 seconds
{Heap before GC invocations=0 (full 0):
 par new generation   total 109248K, used 87424K [0x00000000e0000000, 0x00000000e8000000, 0x00000000e8000000)
  eden space 87424K, 100% used [0x00000000e0000000, 0x00000000e5560000, 0x00000000e5560000)
  from space 21824K,   0% used [0x00000000e5560000, 0x00000000e5560000, 0x00000000e6ab0000)
  to   space 21824K,   0% used [0x00000000e6ab0000, 0x00000000e6ab0000, 0x00000000e8000000)
 concurrent mark-sweep generation total 393216K, used 0K [0x00000000e8000000, 0x0000000100000000, 0x0000000100000000)
 Metaspace       used 17602K, capacity 17828K, committed 18048K, reserved 1064960K
  class space    used 2056K, capacity 2167K, committed 2176K, reserved 1048576K
2016-05-16T20:45:30.007-0700: 0.898: [GC (Allocation Failure) 2016-05-16T20:45:30.007-0700: 0.898: [ParNew
Desired survivor size 20112992 bytes, new threshold 8 (max 8)
- age   1:   11677432 bytes,   11677432 total
: 87424K->11527K(109248K), 0.0163946 secs] 87424K->11527K(502464K), 0.0165262 secs] [Times: user=0.04 sys=0.01, real=0.02 secs] 
Heap after GC invocations=1 (full 0):
 par new generation   total 109248K, used 11527K [0x00000000e0000000, 0x00000000e8000000, 0x00000000e8000000)
  eden space 87424K,   0% used [0x00000000e0000000, 0x00000000e0000000, 0x00000000e5560000)
  from space 21824K,  52% used [0x00000000e6ab0000, 0x00000000e75f1dd8, 0x00000000e8000000)
  to   space 21824K,   0% used [0x00000000e5560000, 0x00000000e5560000, 0x00000000e6ab0000)
 concurrent mark-sweep generation total 393216K, used 0K [0x00000000e8000000, 0x0000000100000000, 0x0000000100000000)
 Metaspace       used 17602K, capacity 17828K, committed 18048K, reserved 1064960K
  class space    used 2056K, capacity 2167K, committed 2176K, reserved 1048576K
}
2016-05-16T20:45:30.024-0700: 0.915: Total time for which application threads were stopped: 0.0167918 seconds, Stopping threads took: 0.0000606 seconds
2016-05-16T20:45:30.147-0700: 1.038: Total time for which application threads were stopped: 0.0002900 seconds, Stopping threads took: 0.0000198 seconds
2016-05-16T20:45:30.186-0700: 1.077: Total time for which application threads were stopped: 0.0004510 seconds, Stopping threads took: 0.0000458 seconds
2016-05-16T20:45:30.209-0700: 1.100: Total time for which application threads were stopped: 0.0003148 seconds, Stopping threads took: 0.0000405 seconds
{Heap before GC invocations=1 (full 0):
 par new generation   total 109248K, used 98951K [0x00000000e0000000, 0x00000000e8000000, 0x00000000e8000000)
  eden space 87424K, 100% used [0x00000000e0000000, 0x00000000e5560000, 0x00000000e5560000)
  from space 21824K,  52% used [0x00000000e6ab0000, 0x00000000e75f1dd8, 0x00000000e8000000)
  to   space 21824K,   0% used [0x00000000e5560000, 0x00000000e5560000, 0x00000000e6ab0000)
 concurrent mark-sweep generation total 393216K, used 0K [0x00000000e8000000, 0x0000000100000000, 0x0000000100000000)
 Metaspace       used 19172K, capacity 19470K, committed 19840K, reserved 1067008K
  class space    used 2222K, capacity 2332K, committed 2432K, reserved 1048576K
2016-05-16T20:45:30.314-0700: 1.205: [GC (Allocation Failure) 2016-05-16T20:45:30.314-0700: 1.205: [ParNew
Desired survivor size 20112992 bytes, new threshold 8 (max 8)
- age   1:    3362608 bytes,    3362608 total
- age   2:    6254120 bytes,    9616728 total
: 98951K->11082K(109248K), 0.0096068 secs] 98951K->11082K(502464K), 0.0096748 secs] [Times: user=0.03 sys=0.01, real=0.02 secs] 
Heap after GC invocations=2 (full 0):
 par new generation   total 109248K, used 11082K [0x00000000e0000000, 0x00000000e8000000, 0x00000000e8000000)
  eden space 87424K,   0% used [0x00000000e0000000, 0x00000000e0000000, 0x00000000e5560000)
  from space 21824K,  50% used [0x00000000e5560000, 0x00000000e6032980, 0x00000000e6ab0000)
  to   space 21824K,   0% used [0x00000000e6ab0000, 0x00000000e6ab0000, 0x00000000e8000000)
 concurrent mark-sweep generation total 393216K, used 0K [0x00000000e8000000, 0x0000000100000000, 0x0000000100000000)
 Metaspace       used 19172K, capacity 19470K, committed 19840K, reserved 1067008K
  class space    used 2222K, capacity 2332K, committed 2432K, reserved 1048576K
}
2016-05-16T20:45:30.324-0700: 1.215: Total time for which application threads were stopped: 0.0099018 seconds, Stopping threads took: 0.0000442 seconds
{Heap before GC invocations=2 (full 0):
 par new generation   total 109248K, used 98506K [0x00000000e0000000, 0x00000000e8000000, 0x00000000e8000000)
  eden space 87424K, 100% used [0x00000000e0000000, 0x00000000e5560000, 0x00000000e5560000)
  from space 21824K,  50% used [0x00000000e5560000, 0x00000000e6032980, 0x00000000e6ab0000)
  to   space 21824K,   0% used [0x00000000e6ab0000, 0x00000000e6ab0000, 0x00000000e8000000)
 concurrent mark-sweep generation total 393216K, used 0K [0x00000000e8000000, 0x0000000100000000, 0x0000000100000000)
 Metaspace       used 19742K, capacity 20032K, committed 20352K, reserved 1067008K
  class space    used 2329K, capacity 2431K, committed 2432K, reserved 1048576K
2016-05-16T20:45:30.439-0700: 1.330: [GC (Allocation Failure) 2016-05-16T20:45:30.439-0700: 1.330: [ParNew
Desired survivor size 20112992 bytes, new threshold 8 (max 8)
- age   1:     927888 bytes,     927888 total
- age   2:    2276480 bytes,    3204368 total
- age   3:    6248816 bytes,    9453184 total
: 98506K->13335K(109248K), 0.0063601 secs] 98506K->13335K(502464K), 0.0065831 secs] [Times: user=0.02 sys=0.00, real=0.01 secs] 
Heap after GC invocations=3 (full 0):
 par new generation   total 109248K, used 13335K [0x00000000e0000000, 0x00000000e8000000, 0x00000000e8000000)
  eden space 87424K,   0% used [0x00000000e0000000, 0x00000000e0000000, 0x00000000e5560000)
  from space 21824K,  61% used [0x00000000e6ab0000, 0x00000000e77b5f30, 0x00000000e8000000)
  to   space 21824K,   0% used [0x00000000e5560000, 0x00000000e5560000, 0x00000000e6ab0000)
 concurrent mark-sweep generation total 393216K, used 0K [0x00000000e8000000, 0x0000000100000000, 0x0000000100000000)
 Metaspace       used 19742K, capacity 20032K, committed 20352K, reserved 1067008K
  class space    used 2329K, capacity 2431K, committed 2432K, reserved 1048576K
}
2016-05-16T20:45:30.446-0700: 1.336: Total time for which application threads were stopped: 0.0069952 seconds, Stopping threads took: 0.0000459 seconds
{Heap before GC invocations=3 (full 0):
 par new generation   total 109248K, used 100759K [0x00000000e0000000, 0x00000000e8000000, 0x00000000e8000000)
  eden space 87424K, 100% used [0x00000000e0000000, 0x00000000e5560000, 0x00000000e5560000)
  from space 21824K,  61% used [0x00000000e6ab0000, 0x00000000e77b5f30, 0x00000000e8000000)
  to   space 21824K,   0% used [0x00000000e5560000, 0x00000000e5560000, 0x00000000e6ab0000)
 concurrent mark-sweep generation total 393216K, used 0K [0x00000000e8000000, 0x0000000100000000, 0x0000000100000000)
 Metaspace       used 20481K, capacity 20780K, committed 20992K, reserved 1067008K
  class space    used 2425K, capacity 2529K, committed 2560K, reserved 1048576K
2016-05-16T20:45:30.542-0700: 1.433: [GC (Allocation Failure) 2016-05-16T20:45:30.542-0700: 1.433: [ParNew
Desired survivor size 20112992 bytes, new threshold 8 (max 8)
- age   1:    1401232 bytes,    1401232 total
- age   2:     222560 bytes,    1623792 total
- age   3:    2274056 bytes,    3897848 total
- age   4:    6248528 bytes,   10146376 total
: 100759K->12790K(109248K), 0.0112244 secs] 100759K->12790K(502464K), 0.0112988 secs] [Times: user=0.05 sys=0.00, real=0.01 secs] 
Heap after GC invocations=4 (full 0):
 par new generation   total 109248K, used 12790K [0x00000000e0000000, 0x00000000e8000000, 0x00000000e8000000)
  eden space 87424K,   0% used [0x00000000e0000000, 0x00000000e0000000, 0x00000000e5560000)
  from space 21824K,  58% used [0x00000000e5560000, 0x00000000e61dd838, 0x00000000e6ab0000)
  to   space 21824K,   0% used [0x00000000e6ab0000, 0x00000000e6ab0000, 0x00000000e8000000)
 concurrent mark-sweep generation total 393216K, used 0K [0x00000000e8000000, 0x0000000100000000, 0x0000000100000000)
 Metaspace       used 20481K, capacity 20780K, committed 20992K, reserved 1067008K
  class space    used 2425K, capacity 2529K, committed 2560K, reserved 1048576K
}
2016-05-16T20:45:30.553-0700: 1.444: Total time for which application threads were stopped: 0.0115249 seconds, Stopping threads took: 0.0000568 seconds
{Heap before GC invocations=4 (full 0):
 par new generation   total 109248K, used 100214K [0x00000000e0000000, 0x00000000e8000000, 0x00000000e8000000)
  eden space 87424K, 100% used [0x00000000e0000000, 0x00000000e5560000, 0x00000000e5560000)
  from space 21824K,  58% used [0x00000000e5560000, 0x00000000e61dd838, 0x00000000e6ab0000)
  to   space 21824K,   0% used [0x00000000e6ab0000, 0x00000000e6ab0000, 0x00000000e8000000)
 concurrent mark-sweep generation total 393216K, used 0K [0x00000000e8000000, 0x0000000100000000, 0x0000000100000000)
 Metaspace       used 20688K, capacity 20954K, committed 21296K, reserved 1069056K
  class space    used 2453K, capacity 2564K, committed 2608K, reserved 1048576K
2016-05-16T20:45:30.664-0700: 1.555: [GC (Allocation Failure) 2016-05-16T20:45:30.665-0700: 1.555: [ParNew
Desired survivor size 20112992 bytes, new threshold 8 (max 8)
- age   1:    1319600 bytes,    1319600 total
- age   2:     291880 bytes,    1611480 total
- age   3:     221968 bytes,    1833448 total
- age   4:    2273848 bytes,    4107296 total
- age   5:    6248512 bytes,   10355808 total
: 100214K->11557K(109248K), 0.0088617 secs] 100214K->11557K(502464K), 0.0094272 secs] [Times: user=0.04 sys=0.00, real=0.00 secs] 
Heap after GC invocations=5 (full 0):
 par new generation   total 109248K, used 11557K [0x00000000e0000000, 0x00000000e8000000, 0x00000000e8000000)
  eden space 87424K,   0% used [0x00000000e0000000, 0x00000000e0000000, 0x00000000e5560000)
  from space 21824K,  52% used [0x00000000e6ab0000, 0x00000000e75f9750, 0x00000000e8000000)
  to   space 21824K,   0% used [0x00000000e5560000, 0x00000000e5560000, 0x00000000e6ab0000)
 concurrent mark-sweep generation total 393216K, used 0K [0x00000000e8000000, 0x0000000100000000, 0x0000000100000000)
 Metaspace       used 20688K, capacity 20954K, committed 21296K, reserved 1069056K
  class space    used 2453K, capacity 2564K, committed 2608K, reserved 1048576K
}
2016-05-16T20:45:30.674-0700: 1.564: Total time for which application threads were stopped: 0.0100920 seconds, Stopping threads took: 0.0001998 seconds
2016-05-16T20:45:30.703-0700: 1.594: Total time for which application threads were stopped: 0.0001800 seconds, Stopping threads took: 0.0000794 seconds
2016-05-16T20:45:30.733-0700: 1.624: Total time for which application threads were stopped: 0.0004330 seconds, Stopping threads took: 0.0000418 seconds
2016-05-16T20:45:30.734-0700: 1.625: Total time for which application threads were stopped: 0.0001436 seconds, Stopping threads took: 0.0000622 seconds
2016-05-16T20:45:30.760-0700: 1.650: Total time for which application threads were stopped: 0.0001286 seconds, Stopping threads took: 0.0000277 seconds
2016-05-16T20:45:30.793-0700: 1.683: Total time for which application threads were stopped: 0.0001172 seconds, Stopping threads took: 0.0000231 seconds
2016-05-16T20:45:30.854-0700: 1.745: Total time for which application threads were stopped: 0.0001688 seconds, Stopping threads took: 0.0000529 seconds
2016-05-16T20:45:30.899-0700: 1.790: Total time for which application threads were stopped: 0.0001201 seconds, Stopping threads took: 0.0000387 seconds
2016-05-16T20:45:30.918-0700: 1.809: Total time for which application threads were stopped: 0.0005229 seconds, Stopping threads took: 0.0000297 seconds
2016-05-16T20:45:30.935-0700: 1.826: Total time for which application threads were stopped: 0.0001318 seconds, Stopping threads took: 0.0000372 seconds
2016-05-16T20:45:30.954-0700: 1.845: Total time for which application threads were stopped: 0.0001608 seconds, Stopping threads took: 0.0000451 seconds
2016-05-16T20:45:30.969-0700: 1.860: Total time for which application threads were stopped: 0.0003596 seconds, Stopping threads took: 0.0000250 seconds
2016-05-16T20:45:30.971-0700: 1.861: Total time for which application threads were stopped: 0.0000671 seconds, Stopping threads took: 0.0000302 seconds
2016-05-16T20:45:30.997-0700: 1.888: Total time for which application threads were stopped: 0.0001088 seconds, Stopping threads took: 0.0000228 seconds
2016-05-16T20:45:31.023-0700: 1.914: Total time for which application threads were stopped: 0.0001782 seconds, Stopping threads took: 0.0000336 seconds
2016-05-16T20:45:31.039-0700: 1.930: Total time for which application threads were stopped: 0.0001831 seconds, Stopping threads took: 0.0000659 seconds
2016-05-16T20:45:31.058-0700: 1.948: Total time for which application threads were stopped: 0.0001147 seconds, Stopping threads took: 0.0000366 seconds
2016-05-16T20:45:31.109-0700: 2.000: Total time for which application threads were stopped: 0.0002560 seconds, Stopping threads took: 0.0000261 seconds
{Heap before GC invocations=5 (full 0):
 par new generation   total 109248K, used 98981K [0x00000000e0000000, 0x00000000e8000000, 0x00000000e8000000)
  eden space 87424K, 100% used [0x00000000e0000000, 0x00000000e5560000, 0x00000000e5560000)
  from space 21824K,  52% used [0x00000000e6ab0000, 0x00000000e75f9750, 0x00000000e8000000)
  to   space 21824K,   0% used [0x00000000e5560000, 0x00000000e5560000, 0x00000000e6ab0000)
 concurrent mark-sweep generation total 393216K, used 0K [0x00000000e8000000, 0x0000000100000000, 0x0000000100000000)
 Metaspace       used 25410K, capacity 25656K, committed 25868K, reserved 1073152K
  class space    used 3016K, capacity 3131K, committed 3144K, reserved 1048576K
2016-05-16T20:45:31.149-0700: 2.040: [GC (Allocation Failure) 2016-05-16T20:45:31.149-0700: 2.040: [ParNew
Desired survivor size 20112992 bytes, new threshold 8 (max 8)
- age   1:    6055240 bytes,    6055240 total
- age   2:     119376 bytes,    6174616 total
- age   3:     279544 bytes,    6454160 total
- age   4:     212904 bytes,    6667064 total
- age   5:     881184 bytes,    7548248 total
- age   6:    6244064 bytes,   13792312 total
: 98981K->15520K(109248K), 0.0107214 secs] 98981K->15520K(502464K), 0.0107745 secs] [Times: user=0.05 sys=0.00, real=0.01 secs] 
Heap after GC invocations=6 (full 0):
 par new generation   total 109248K, used 15520K [0x00000000e0000000, 0x00000000e8000000, 0x00000000e8000000)
  eden space 87424K,   0% used [0x00000000e0000000, 0x00000000e0000000, 0x00000000e5560000)
  from space 21824K,  71% used [0x00000000e5560000, 0x00000000e6488300, 0x00000000e6ab0000)
  to   space 21824K,   0% used [0x00000000e6ab0000, 0x00000000e6ab0000, 0x00000000e8000000)
 concurrent mark-sweep generation total 393216K, used 0K [0x00000000e8000000, 0x0000000100000000, 0x0000000100000000)
 Metaspace       used 25410K, capacity 25656K, committed 25868K, reserved 1073152K
  class space    used 3016K, capacity 3131K, committed 3144K, reserved 1048576K
}
2016-05-16T20:45:31.160-0700: 2.051: Total time for which application threads were stopped: 0.0109741 seconds, Stopping threads took: 0.0000252 seconds
2016-05-16T20:45:31.160-0700: 2.051: [GC (CMS Initial Mark) [1 CMS-initial-mark: 0K(393216K)] 15521K(502464K), 0.0026388 secs] [Times: user=0.01 sys=0.00, real=0.01 secs] 
2016-05-16T20:45:31.163-0700: 2.054: Total time for which application threads were stopped: 0.0027718 seconds, Stopping threads took: 0.0000466 seconds
2016-05-16T20:45:31.163-0700: 2.054: [CMS-concurrent-mark-start]
2016-05-16T20:45:31.163-0700: 2.054: [CMS-concurrent-mark: 0.000/0.000 secs] [Times: user=0.00 sys=0.00, real=0.00 secs] 
2016-05-16T20:45:31.163-0700: 2.054: [CMS-concurrent-preclean-start]
2016-05-16T20:45:31.164-0700: 2.055: [CMS-concurrent-preclean: 0.001/0.001 secs] [Times: user=0.00 sys=0.00, real=0.00 secs] 
2016-05-16T20:45:31.164-0700: 2.055: [GC (CMS Final Remark) [YG occupancy: 15521 K (109248 K)]{Heap before GC invocations=6 (full 1):
 par new generation   total 109248K, used 15521K [0x00000000e0000000, 0x00000000e8000000, 0x00000000e8000000)
  eden space 87424K,   0% used [0x00000000e0000000, 0x00000000e00001a0, 0x00000000e5560000)
  from space 21824K,  71% used [0x00000000e5560000, 0x00000000e6488300, 0x00000000e6ab0000)
  to   space 21824K,   0% used [0x00000000e6ab0000, 0x00000000e6ab0000, 0x00000000e8000000)
 concurrent mark-sweep generation total 393216K, used 0K [0x00000000e8000000, 0x0000000100000000, 0x0000000100000000)
 Metaspace       used 25410K, capacity 25656K, committed 25868K, reserved 1073152K
  class space    used 3016K, capacity 3131K, committed 3144K, reserved 1048576K
2016-05-16T20:45:31.164-0700: 2.055: [GC (CMS Final Remark) 2016-05-16T20:45:31.164-0700: 2.055: [ParNew
Desired survivor size 20112992 bytes, new threshold 8 (max 8)
- age   1:        416 bytes,        416 total
- age   2:    3914912 bytes,    3915328 total
- age   3:     119376 bytes,    4034704 total
- age   4:     279544 bytes,    4314248 total
- age   5:     212904 bytes,    4527152 total
- age   6:     881184 bytes,    5408336 total
- age   7:    6244112 bytes,   11652448 total
: 15521K->18478K(109248K), 0.0083797 secs] 15521K->18478K(502464K), 0.0084158 secs] [Times: user=0.02 sys=0.00, real=0.00 secs] 
Heap after GC invocations=7 (full 1):
 par new generation   total 109248K, used 18478K [0x00000000e0000000, 0x00000000e8000000, 0x00000000e8000000)
  eden space 87424K,   0% used [0x00000000e0000000, 0x00000000e0000000, 0x00000000e5560000)
  from space 21824K,  84% used [0x00000000e6ab0000, 0x00000000e7cbb8b0, 0x00000000e8000000)
  to   space 21824K,   0% used [0x00000000e5560000, 0x00000000e5560000, 0x00000000e6ab0000)
 concurrent mark-sweep generation total 393216K, used 0K [0x00000000e8000000, 0x0000000100000000, 0x0000000100000000)
 Metaspace       used 25410K, capacity 25656K, committed 25868K, reserved 1073152K
  class space    used 3016K, capacity 3131K, committed 3144K, reserved 1048576K
}
2016-05-16T20:45:31.172-0700: 2.063: [Rescan (parallel) , 0.0042283 secs]2016-05-16T20:45:31.177-0700: 2.067: [weak refs processing, 0.0002964 secs]2016-05-16T20:45:31.177-0700: 2.068: [class unloading, 0.0034978 secs]2016-05-16T20:45:31.180-0700: 2.071: [scrub symbol table, 0.0034483 secs]2016-05-16T20:45:31.184-0700: 2.075: [scrub string table, 0.0004684 secs][1 CMS-remark: 0K(393216K)] 18478K(502464K), 0.0212401 secs] [Times: user=0.05 sys=0.00, real=0.02 secs] 
2016-05-16T20:45:31.185-0700: 2.076: Total time for which application threads were stopped: 0.0213540 seconds, Stopping threads took: 0.0000383 seconds
2016-05-16T20:45:31.185-0700: 2.076: [CMS-concurrent-sweep-start]
2016-05-16T20:45:31.185-0700: 2.076: [CMS-concurrent-sweep: 0.000/0.000 secs] [Times: user=0.00 sys=0.00, real=0.00 secs] 
2016-05-16T20:45:31.185-0700: 2.076: [CMS-concurrent-reset-start]
2016-05-16T20:45:31.187-0700: 2.078: [CMS-concurrent-reset: 0.002/0.002 secs] [Times: user=0.01 sys=0.01, real=0.00 secs] 
2016-05-16T20:45:32.185-0700: 3.076: Total time for which application threads were stopped: 0.0001415 seconds, Stopping threads took: 0.0000229 seconds
2016-05-16T20:45:33.160-0700: 4.051: Total time for which application threads were stopped: 0.0003376 seconds, Stopping threads took: 0.0000208 seconds
2016-05-16T20:45:38.138-0700: 9.029: Total time for which application threads were stopped: 0.0001103 seconds, Stopping threads took: 0.0000189 seconds
2016-05-16T20:45:38.138-0700: 9.029: Total time for which application threads were stopped: 0.0000695 seconds, Stopping threads took: 0.0000218 seconds
2016-05-16T20:45:38.138-0700: 9.029: Total time for which application threads were stopped: 0.0000654 seconds, Stopping threads took: 0.0000384 seconds
2016-05-16T20:45:38.138-0700: 9.029: Total time for which application threads were stopped: 0.0000718 seconds, Stopping threads took: 0.0000467 seconds
2016-05-16T20:45:38.142-0700: 9.032: Total time for which application threads were stopped: 0.0001422 seconds, Stopping threads took: 0.0000511 seconds
2016-05-16T20:45:38.142-0700: 9.033: Total time for which application threads were stopped: 0.0000805 seconds, Stopping threads took: 0.0000277 seconds
2016-05-16T20:45:38.142-0700: 9.033: Total time for which application threads were stopped: 0.0000732 seconds, Stopping threads took: 0.0000250 seconds
2016-05-16T20:45:38.142-0700: 9.033: Total time for which application threads were stopped: 0.0000802 seconds, Stopping threads took: 0.0000248 seconds
2016-05-16T20:45:38.143-0700: 9.034: Total time for which application threads were stopped: 0.0004514 seconds, Stopping threads took: 0.0001564 seconds
2016-05-16T20:45:38.146-0700: 9.037: Total time for which application threads were stopped: 0.0001149 seconds, Stopping threads took: 0.0000524 seconds
2016-05-16T20:45:38.146-0700: 9.037: Total time for which application threads were stopped: 0.0001294 seconds, Stopping threads took: 0.0000162 seconds
2016-05-16T20:45:38.147-0700: 9.037: Total time for which application threads were stopped: 0.0000706 seconds, Stopping threads took: 0.0000254 seconds
2016-05-16T20:45:38.147-0700: 9.038: Total time for which application threads were stopped: 0.0000579 seconds, Stopping threads took: 0.0000171 seconds
2016-05-16T20:45:38.151-0700: 9.042: Total time for which application threads were stopped: 0.0042600 seconds, Stopping threads took: 0.0036730 seconds
2016-05-16T20:45:38.155-0700: 9.046: Total time for which application threads were stopped: 0.0004263 seconds, Stopping threads took: 0.0001145 seconds
2016-05-16T20:45:38.156-0700: 9.047: Total time for which application threads were stopped: 0.0003105 seconds, Stopping threads took: 0.0001160 seconds
2016-05-16T20:45:38.157-0700: 9.047: Total time for which application threads were stopped: 0.0001708 seconds, Stopping threads took: 0.0000417 seconds
2016-05-16T20:45:38.157-0700: 9.048: Total time for which application threads were stopped: 0.0001464 seconds, Stopping threads took: 0.0000391 seconds
2016-05-16T20:45:38.159-0700: 9.050: Total time for which application threads were stopped: 0.0002383 seconds, Stopping threads took: 0.0001166 seconds
2016-05-16T20:45:38.160-0700: 9.051: Total time for which application threads were stopped: 0.0001878 seconds, Stopping threads took: 0.0000749 seconds
2016-05-16T20:45:38.169-0700: 9.060: Total time for which application threads were stopped: 0.0004161 seconds, Stopping threads took: 0.0000813 seconds
2016-05-16T20:45:38.171-0700: 9.062: Total time for which application threads were stopped: 0.0001691 seconds, Stopping threads took: 0.0000167 seconds
2016-05-16T20:45:38.176-0700: 9.067: Total time for which application threads were stopped: 0.0010958 seconds, Stopping threads took: 0.0000334 seconds
2016-05-16T20:45:38.179-0700: 9.070: Total time for which application threads were stopped: 0.0001608 seconds, Stopping threads took: 0.0001019 seconds
2016-05-16T20:45:38.180-0700: 9.071: Total time for which application threads were stopped: 0.0000722 seconds, Stopping threads took: 0.0000278 seconds
2016-05-16T20:45:38.181-0700: 9.071: Total time for which application threads were stopped: 0.0000680 seconds, Stopping threads took: 0.0000232 seconds
2016-05-16T20:45:38.181-0700: 9.072: Total time for which application threads were stopped: 0.0000827 seconds, Stopping threads took: 0.0000313 seconds
2016-05-16T20:45:38.186-0700: 9.077: Total time for which application threads were stopped: 0.0001441 seconds, Stopping threads took: 0.0000493 seconds
2016-05-16T20:45:38.334-0700: 9.225: Total time for which application threads were stopped: 0.0006773 seconds, Stopping threads took: 0.0003521 seconds
2016-05-16T20:45:38.335-0700: 9.226: Total time for which application threads were stopped: 0.0002877 seconds, Stopping threads took: 0.0000960 seconds
2016-05-16T20:45:38.337-0700: 9.228: Total time for which application threads were stopped: 0.0003480 seconds, Stopping threads took: 0.0002140 seconds
2016-05-16T20:45:38.338-0700: 9.229: Total time for which application threads were stopped: 0.0003678 seconds, Stopping threads took: 0.0000461 seconds
2016-05-16T20:45:38.885-0700: 9.775: Total time for which application threads were stopped: 0.0007814 seconds, Stopping threads took: 0.0000750 seconds
2016-05-16T20:45:38.889-0700: 9.780: Total time for which application threads were stopped: 0.0003454 seconds, Stopping threads took: 0.0001808 seconds
2016-05-16T20:45:38.889-0700: 9.780: Total time for which application threads were stopped: 0.0003171 seconds, Stopping threads took: 0.0000474 seconds
2016-05-16T20:45:38.895-0700: 9.785: Total time for which application threads were stopped: 0.0006823 seconds, Stopping threads took: 0.0002276 seconds
2016-05-16T20:45:38.895-0700: 9.786: Total time for which application threads were stopped: 0.0004798 seconds, Stopping threads took: 0.0001292 seconds
2016-05-16T20:45:38.899-0700: 9.789: Total time for which application threads were stopped: 0.0033232 seconds, Stopping threads took: 0.0030650 seconds
2016-05-16T20:45:38.927-0700: 9.818: Total time for which application threads were stopped: 0.0001841 seconds, Stopping threads took: 0.0000408 seconds
2016-05-16T20:45:38.930-0700: 9.821: Total time for which application threads were stopped: 0.0001081 seconds, Stopping threads took: 0.0000261 seconds
2016-05-16T20:45:38.930-0700: 9.821: Total time for which application threads were stopped: 0.0000824 seconds, Stopping threads took: 0.0000165 seconds
2016-05-16T20:45:38.930-0700: 9.821: Total time for which application threads were stopped: 0.0000535 seconds, Stopping threads took: 0.0000123 seconds
2016-05-16T20:45:38.930-0700: 9.821: Total time for which application threads were stopped: 0.0000449 seconds, Stopping threads took: 0.0000091 seconds
2016-05-16T20:45:38.931-0700: 9.821: Total time for which application threads were stopped: 0.0000905 seconds, Stopping threads took: 0.0000199 seconds
2016-05-16T20:45:38.931-0700: 9.822: Total time for which application threads were stopped: 0.0000905 seconds, Stopping threads took: 0.0000161 seconds
2016-05-16T20:45:38.931-0700: 9.822: Total time for which application threads were stopped: 0.0000784 seconds, Stopping threads took: 0.0000177 seconds
2016-05-16T20:45:38.931-0700: 9.822: Total time for which application threads were stopped: 0.0000742 seconds, Stopping threads took: 0.0000140 seconds
2016-05-16T20:45:38.931-0700: 9.822: Total time for which application threads were stopped: 0.0000854 seconds, Stopping threads took: 0.0000278 seconds
2016-05-16T20:45:38.931-0700: 9.822: Total time for which application threads were stopped: 0.0000509 seconds, Stopping threads took: 0.0000123 seconds
2016-05-16T20:45:38.931-0700: 9.822: Total time for which application threads were stopped: 0.0000429 seconds, Stopping threads took: 0.0000156 seconds
2016-05-16T20:45:38.931-0700: 9.822: Total time for which application threads were stopped: 0.0000354 seconds, Stopping threads took: 0.0000079 seconds
2016-05-16T20:45:38.935-0700: 9.826: Total time for which application threads were stopped: 0.0002507 seconds, Stopping threads took: 0.